2026-05-04 19:12:16  INFO     fill_2023_2024.py start — categories: ['content-writing/creative-writing', 'graphics-design/social-media-design', 'data/data-entry']
2026-05-04 19:12:16  INFO     === START content-writing/creative-writing ===
2026-05-04 19:12:46  WARNING  No snapshots returned for content-writing/creative-writing
2026-05-04 19:12:46  INFO     === START graphics-design/social-media-design ===
2026-05-04 19:12:46  WARNING  No snapshots returned for graphics-design/social-media-design
2026-05-04 19:12:46  INFO     === START data/data-entry ===
2026-05-04 19:12:46  WARNING  No snapshots returned for data/data-entry
2026-05-04 19:12:46  INFO     All categories complete.  Grand total rows written: 0
2026-05-04 19:12:46  INFO     Panel snapshot counts by category × year:
year                                  2021  2022  2023  2024
category                                                    
content-writing/creative-writing        12     9     1     0
data/data-entry                         10    11     0     0
graphics-design/creative-logo-design     3    10     7    12
graphics-design/social-media-design     12     7     1     0
2026-05-04 19:14:52  INFO     fill_2023_2024.py start — categories: ['content-writing/creative-writing', 'graphics-design/social-media-design', 'data/data-entry']
2026-05-04 19:14:52  INFO     === START content-writing/creative-writing ===
2026-05-04 19:15:22  WARNING  CDX returned empty (attempt 1/8) — waiting 30 s before retry
2026-05-04 19:16:22  WARNING  CDX returned empty (attempt 2/8) — waiting 60 s before retry
2026-05-04 19:17:27  INFO     content-writing/creative-writing: 21 snapshots to process
2026-05-04 19:17:27  INFO     [1/21] content-writing/creative-writing  20230101040106
2026-05-04 19:17:29  INFO     OK    ts=20230101040106  method=requests  gigs=8  prices=8
2026-05-04 19:17:43  INFO     [2/21] content-writing/creative-writing  20230203145308
2026-05-04 19:17:44  INFO     OK    ts=20230203145308  method=requests  gigs=8  prices=8
2026-05-04 19:17:58  INFO     [3/21] content-writing/creative-writing  20230301013424
2026-05-04 19:17:58  INFO     OK    ts=20230301013424  method=requests  gigs=8  prices=8 [cached]
2026-05-04 19:17:58  INFO     [4/21] content-writing/creative-writing  20230402155456
2026-05-04 19:18:00  INFO     OK    ts=20230402155456  method=requests  gigs=8  prices=8
2026-05-04 19:18:12  INFO     [5/21] content-writing/creative-writing  20230508052403
2026-05-04 19:18:14  INFO     OK    ts=20230508052403  method=requests  gigs=8  prices=0
2026-05-04 19:18:29  INFO     [6/21] content-writing/creative-writing  20230603214122
2026-05-04 19:18:31  INFO     OK    ts=20230603214122  method=requests  gigs=8  prices=0
2026-05-04 19:18:42  INFO     [7/21] content-writing/creative-writing  20230720090428
2026-05-04 19:18:43  INFO     OK    ts=20230720090428  method=requests  gigs=8  prices=0
2026-05-04 19:18:55  INFO     [8/21] content-writing/creative-writing  20230820145617
2026-05-04 19:18:56  INFO     OK    ts=20230820145617  method=requests  gigs=8  prices=0
2026-05-04 19:19:08  INFO     [9/21] content-writing/creative-writing  20230901182649
2026-05-04 19:19:10  INFO     OK    ts=20230901182649  method=requests  gigs=8  prices=0
2026-05-04 19:19:24  INFO     [10/21] content-writing/creative-writing  20231022143419
2026-05-04 19:19:25  INFO     OK    ts=20231022143419  method=requests  gigs=8  prices=0
2026-05-04 19:19:39  INFO     [11/21] content-writing/creative-writing  20231222054302
2026-05-04 19:19:41  INFO     OK    ts=20231222054302  method=requests  gigs=8  prices=0
2026-05-04 19:19:54  INFO     [12/21] content-writing/creative-writing  20240120182007
2026-05-04 19:19:55  INFO     OK    ts=20240120182007  method=requests  gigs=8  prices=0
2026-05-04 19:20:07  INFO     [13/21] content-writing/creative-writing  20240201165245
2026-05-04 19:20:08  INFO     OK    ts=20240201165245  method=requests  gigs=8  prices=0
2026-05-04 19:20:23  INFO     [14/21] content-writing/creative-writing  20240312024002
2026-05-04 19:20:25  INFO     OK    ts=20240312024002  method=requests  gigs=8  prices=0
2026-05-04 19:20:35  INFO     [15/21] content-writing/creative-writing  20240401121628
2026-05-04 19:20:39  INFO     OK    ts=20240401121628  method=requests  gigs=8  prices=0
2026-05-04 19:20:50  INFO     [16/21] content-writing/creative-writing  20240501062226
2026-05-04 19:20:52  INFO     OK    ts=20240501062226  method=requests  gigs=1  prices=0
2026-05-04 19:21:06  INFO     [17/21] content-writing/creative-writing  20240601133254
2026-05-04 19:21:07  INFO     OK    ts=20240601133254  method=requests  gigs=1  prices=0
2026-05-04 19:21:21  INFO     [18/21] content-writing/creative-writing  20240701181836
2026-05-04 19:21:23  INFO     OK    ts=20240701181836  method=requests  gigs=1  prices=0
2026-05-04 19:21:37  INFO     [19/21] content-writing/creative-writing  20240801102524
2026-05-04 19:21:39  INFO     OK    ts=20240801102524  method=requests  gigs=1  prices=0
2026-05-04 19:21:54  INFO     [20/21] content-writing/creative-writing  20240901112639
2026-05-04 19:21:55  INFO     OK    ts=20240901112639  method=requests  gigs=1  prices=0
2026-05-04 19:22:08  INFO     [21/21] content-writing/creative-writing  20241001013828
2026-05-04 19:22:09  INFO     OK    ts=20241001013828  method=requests  gigs=1  prices=0
2026-05-04 19:22:23  INFO     === DONE content-writing/creative-writing  total_rows=126 ===
2026-05-04 19:22:23  INFO     === START graphics-design/social-media-design ===
2026-05-04 19:22:53  WARNING  CDX returned empty (attempt 1/8) — waiting 30 s before retry
2026-05-04 19:23:35  INFO     graphics-design/social-media-design: 22 snapshots to process
2026-05-04 19:23:35  INFO     [1/22] graphics-design/social-media-design  20230101031808
2026-05-04 19:23:36  INFO     OK    ts=20230101031808  method=requests  gigs=8  prices=8
2026-05-04 19:23:47  INFO     [2/22] graphics-design/social-media-design  20230203144010
2026-05-04 19:23:49  INFO     OK    ts=20230203144010  method=requests  gigs=8  prices=8
2026-05-04 19:24:00  INFO     [3/22] graphics-design/social-media-design  20230301011627
2026-05-04 19:24:01  INFO     OK    ts=20230301011627  method=requests  gigs=8  prices=8
2026-05-04 19:24:14  INFO     [4/22] graphics-design/social-media-design  20230402153152
2026-05-04 19:24:14  INFO     OK    ts=20230402153152  method=requests  gigs=8  prices=8 [cached]
2026-05-04 19:24:14  INFO     [5/22] graphics-design/social-media-design  20230508043614
2026-05-04 19:24:15  INFO     OK    ts=20230508043614  method=requests  gigs=8  prices=0
2026-05-04 19:24:29  INFO     [6/22] graphics-design/social-media-design  20230602223459
2026-05-04 19:24:30  INFO     OK    ts=20230602223459  method=requests  gigs=8  prices=0
2026-05-04 19:24:40  INFO     [7/22] graphics-design/social-media-design  20230711063212
2026-05-04 19:24:42  INFO     OK    ts=20230711063212  method=requests  gigs=8  prices=0
2026-05-04 19:24:56  INFO     [8/22] graphics-design/social-media-design  20230817143238
2026-05-04 19:24:57  INFO     OK    ts=20230817143238  method=requests  gigs=8  prices=0
2026-05-04 19:25:09  INFO     [9/22] graphics-design/social-media-design  20230901220219
2026-05-04 19:25:10  INFO     OK    ts=20230901220219  method=requests  gigs=8  prices=0
2026-05-04 19:25:23  INFO     [10/22] graphics-design/social-media-design  20231009034750
2026-05-04 19:25:24  INFO     OK    ts=20231009034750  method=requests  gigs=8  prices=0
2026-05-04 19:25:39  INFO     [11/22] graphics-design/social-media-design  20231222051016
2026-05-04 19:25:40  INFO     OK    ts=20231222051016  method=requests  gigs=8  prices=0
2026-05-04 19:25:51  INFO     [12/22] graphics-design/social-media-design  20240112010049
2026-05-04 19:25:52  INFO     OK    ts=20240112010049  method=requests  gigs=8  prices=0
2026-05-04 19:26:03  INFO     [13/22] graphics-design/social-media-design  20240201164844
2026-05-04 19:26:05  INFO     OK    ts=20240201164844  method=requests  gigs=8  prices=0
2026-05-04 19:26:17  INFO     [14/22] graphics-design/social-media-design  20240312023519
2026-05-04 19:26:18  INFO     OK    ts=20240312023519  method=requests  gigs=8  prices=0
2026-05-04 19:26:29  INFO     [15/22] graphics-design/social-media-design  20240401121208
2026-05-04 19:26:30  INFO     OK    ts=20240401121208  method=requests  gigs=8  prices=0
2026-05-04 19:26:44  INFO     [16/22] graphics-design/social-media-design  20240501061832
2026-05-04 19:26:47  INFO     OK    ts=20240501061832  method=requests  gigs=1  prices=0
2026-05-04 19:27:01  INFO     [17/22] graphics-design/social-media-design  20240601132800
2026-05-04 19:27:03  INFO     OK    ts=20240601132800  method=requests  gigs=1  prices=0
2026-05-04 19:27:17  INFO     [18/22] graphics-design/social-media-design  20240701181306
2026-05-04 19:27:18  INFO     OK    ts=20240701181306  method=requests  gigs=1  prices=0
2026-05-04 19:27:30  INFO     [19/22] graphics-design/social-media-design  20240801102048
2026-05-04 19:27:31  INFO     OK    ts=20240801102048  method=requests  gigs=1  prices=0
2026-05-04 19:27:43  INFO     [20/22] graphics-design/social-media-design  20240901112000
2026-05-04 19:27:44  INFO     OK    ts=20240901112000  method=requests  gigs=1  prices=0
2026-05-04 19:27:57  INFO     [21/22] graphics-design/social-media-design  20241001013230
2026-05-04 19:27:58  INFO     OK    ts=20241001013230  method=requests  gigs=1  prices=0
2026-05-04 19:28:10  INFO     [22/22] graphics-design/social-media-design  20241209050957
2026-05-04 19:28:12  INFO     OK    ts=20241209050957  method=requests  gigs=1  prices=0
2026-05-04 19:28:23  INFO     === DONE graphics-design/social-media-design  total_rows=127 ===
2026-05-04 19:28:23  INFO     === START data/data-entry ===
2026-05-04 19:28:50  INFO     data/data-entry: 20 snapshots to process
2026-05-04 19:28:50  INFO     [1/20] data/data-entry  20230101042424
2026-05-04 19:28:50  INFO     OK    ts=20230101042424  method=requests  gigs=8  prices=8
2026-05-04 19:29:02  INFO     [2/20] data/data-entry  20230203150953
2026-05-04 19:29:02  INFO     OK    ts=20230203150953  method=requests  gigs=8  prices=8
2026-05-04 19:29:16  INFO     [3/20] data/data-entry  20230301015340
2026-05-04 19:29:17  INFO     OK    ts=20230301015340  method=requests  gigs=8  prices=8
2026-05-04 19:29:31  INFO     [4/20] data/data-entry  20230402163423
2026-05-04 19:29:32  INFO     OK    ts=20230402163423  method=requests  gigs=8  prices=8
2026-05-04 19:29:46  INFO     [5/20] data/data-entry  20230515095939
2026-05-04 19:29:47  INFO     OK    ts=20230515095939  method=requests  gigs=8  prices=0
2026-05-04 19:30:00  INFO     [6/20] data/data-entry  20230603222525
2026-05-04 19:30:02  INFO     OK    ts=20230603222525  method=requests  gigs=8  prices=0
2026-05-04 19:30:12  INFO     [7/20] data/data-entry  20230720093930
2026-05-04 19:30:13  INFO     OK    ts=20230720093930  method=requests  gigs=8  prices=0
2026-05-04 19:30:26  INFO     [8/20] data/data-entry  20230820152748
2026-05-04 19:30:27  INFO     OK    ts=20230820152748  method=requests  gigs=8  prices=0
2026-05-04 19:30:40  INFO     [9/20] data/data-entry  20230902200435
2026-05-04 19:30:44  INFO     OK    ts=20230902200435  method=requests  gigs=8  prices=0
2026-05-04 19:30:55  INFO     [10/20] data/data-entry  20231222073120
2026-05-04 19:30:57  INFO     OK    ts=20231222073120  method=requests  gigs=8  prices=0
2026-05-04 19:31:08  INFO     [11/20] data/data-entry  20240130153154
2026-05-04 19:31:09  INFO     OK    ts=20240130153154  method=requests  gigs=8  prices=0
2026-05-04 19:31:19  INFO     [12/20] data/data-entry  20240201165851
2026-05-04 19:31:20  INFO     OK    ts=20240201165851  method=requests  gigs=8  prices=0
2026-05-04 19:31:32  INFO     [13/20] data/data-entry  20240312024643
2026-05-04 19:31:32  INFO     OK    ts=20240312024643  method=requests  gigs=8  prices=0
2026-05-04 19:31:46  INFO     [14/20] data/data-entry  20240401122251
2026-05-04 19:31:48  INFO     OK    ts=20240401122251  method=requests  gigs=8  prices=0
2026-05-04 19:31:58  INFO     [15/20] data/data-entry  20240501062732
2026-05-04 19:31:59  INFO     OK    ts=20240501062732  method=requests  gigs=1  prices=0
2026-05-04 19:32:13  INFO     [16/20] data/data-entry  20240601133930
2026-05-04 19:32:14  INFO     OK    ts=20240601133930  method=requests  gigs=1  prices=0
2026-05-04 19:32:28  INFO     [17/20] data/data-entry  20240701182622
2026-05-04 19:32:29  INFO     OK    ts=20240701182622  method=requests  gigs=1  prices=0
2026-05-04 19:32:43  INFO     [18/20] data/data-entry  20240801103214
2026-05-04 19:32:45  INFO     OK    ts=20240801103214  method=requests  gigs=1  prices=0
2026-05-04 19:32:55  INFO     [19/20] data/data-entry  20240901113451
2026-05-04 19:32:56  INFO     OK    ts=20240901113451  method=requests  gigs=1  prices=0
2026-05-04 19:33:07  INFO     [20/20] data/data-entry  20241001014619
2026-05-04 19:33:08  INFO     OK    ts=20241001014619  method=requests  gigs=1  prices=0
2026-05-04 19:33:20  INFO     === DONE data/data-entry  total_rows=118 ===
2026-05-04 19:33:20  INFO     All categories complete.  Grand total rows written: 371
2026-05-04 19:33:20  INFO     Panel snapshot counts by category × year:
year                                  2021  2022  2023  2024
category                                                    
content-writing/creative-writing        12     9    11    10
data/data-entry                         10    11    10    10
graphics-design/creative-logo-design     3    10     7    12
graphics-design/social-media-design     12     7    11    11
2026-05-04 19:33:46  INFO     fill_2023_2024.py start — categories: ['content-writing/creative-writing', 'graphics-design/social-media-design', 'data/data-entry']
2026-05-04 19:33:46  INFO     === START content-writing/creative-writing ===
2026-05-04 19:33:56  INFO     content-writing/creative-writing: 21 snapshots to process
2026-05-04 19:33:56  INFO     [1/21] content-writing/creative-writing  20230101040106
2026-05-04 19:33:56  INFO     OK    ts=20230101040106  method=requests  gigs=8  prices=8 [cached]
2026-05-04 19:33:56  INFO     [2/21] content-writing/creative-writing  20230203145308
2026-05-04 19:33:56  INFO     OK    ts=20230203145308  method=requests  gigs=8  prices=8 [cached]
2026-05-04 19:33:56  INFO     [3/21] content-writing/creative-writing  20230301013424
2026-05-04 19:33:56  INFO     OK    ts=20230301013424  method=requests  gigs=8  prices=8 [cached]
2026-05-04 19:33:56  INFO     [4/21] content-writing/creative-writing  20230402155456
2026-05-04 19:33:56  INFO     OK    ts=20230402155456  method=requests  gigs=8  prices=8 [cached]
2026-05-04 19:33:56  INFO     [5/21] content-writing/creative-writing  20230508052403
2026-05-04 19:33:56  INFO     OK    ts=20230508052403  method=requests  gigs=8  prices=8 [cached]
2026-05-04 19:33:56  INFO     [6/21] content-writing/creative-writing  20230603214122
2026-05-04 19:33:56  INFO     OK    ts=20230603214122  method=requests  gigs=8  prices=8 [cached]
2026-05-04 19:33:56  INFO     [7/21] content-writing/creative-writing  20230720090428
2026-05-04 19:33:56  INFO     OK    ts=20230720090428  method=requests  gigs=8  prices=0 [cached]
2026-05-04 19:33:56  INFO     [8/21] content-writing/creative-writing  20230820145617
2026-05-04 19:33:56  INFO     OK    ts=20230820145617  method=requests  gigs=8  prices=8 [cached]
2026-05-04 19:33:56  INFO     [9/21] content-writing/creative-writing  20230901182649
2026-05-04 19:33:56  INFO     OK    ts=20230901182649  method=requests  gigs=8  prices=0 [cached]
2026-05-04 19:33:56  INFO     [10/21] content-writing/creative-writing  20231022143419
2026-05-04 19:33:56  INFO     OK    ts=20231022143419  method=requests  gigs=8  prices=8 [cached]
2026-05-04 19:33:56  INFO     [11/21] content-writing/creative-writing  20231222054302
2026-05-04 19:33:56  INFO     OK    ts=20231222054302  method=requests  gigs=8  prices=8 [cached]
2026-05-04 19:33:56  INFO     [12/21] content-writing/creative-writing  20240120182007
2026-05-04 19:33:56  INFO     OK    ts=20240120182007  method=requests  gigs=8  prices=8 [cached]
2026-05-04 19:33:56  INFO     [13/21] content-writing/creative-writing  20240201165245
2026-05-04 19:33:57  INFO     OK    ts=20240201165245  method=requests  gigs=8  prices=8 [cached]
2026-05-04 19:33:57  INFO     [14/21] content-writing/creative-writing  20240312024002
2026-05-04 19:33:57  INFO     OK    ts=20240312024002  method=requests  gigs=8  prices=8 [cached]
2026-05-04 19:33:57  INFO     [15/21] content-writing/creative-writing  20240401121628
2026-05-04 19:33:57  INFO     OK    ts=20240401121628  method=requests  gigs=8  prices=8 [cached]
2026-05-04 19:33:57  INFO     [16/21] content-writing/creative-writing  20240501062226
2026-05-04 19:33:57  INFO     OK    ts=20240501062226  method=requests  gigs=8  prices=8 [cached]
2026-05-04 19:33:57  INFO     [17/21] content-writing/creative-writing  20240601133254
2026-05-04 19:33:57  INFO     OK    ts=20240601133254  method=requests  gigs=8  prices=8 [cached]
2026-05-04 19:33:57  INFO     [18/21] content-writing/creative-writing  20240701181836
2026-05-04 19:33:57  INFO     OK    ts=20240701181836  method=requests  gigs=8  prices=8 [cached]
2026-05-04 19:33:57  INFO     [19/21] content-writing/creative-writing  20240801102524
2026-05-04 19:33:57  INFO     OK    ts=20240801102524  method=requests  gigs=8  prices=8 [cached]
2026-05-04 19:33:57  INFO     [20/21] content-writing/creative-writing  20240901112639
2026-05-04 19:33:57  INFO     OK    ts=20240901112639  method=requests  gigs=8  prices=8 [cached]
2026-05-04 19:33:57  INFO     [21/21] content-writing/creative-writing  20241001013828
2026-05-04 19:33:57  INFO     OK    ts=20241001013828  method=requests  gigs=8  prices=8 [cached]
2026-05-04 19:33:57  INFO     === DONE content-writing/creative-writing  total_rows=168 ===
2026-05-04 19:33:57  INFO     === START graphics-design/social-media-design ===
2026-05-04 19:34:23  INFO     graphics-design/social-media-design: 22 snapshots to process
2026-05-04 19:34:23  INFO     [1/22] graphics-design/social-media-design  20230101031808
2026-05-04 19:34:23  INFO     OK    ts=20230101031808  method=requests  gigs=8  prices=8 [cached]
2026-05-04 19:34:23  INFO     [2/22] graphics-design/social-media-design  20230203144010
2026-05-04 19:34:23  INFO     OK    ts=20230203144010  method=requests  gigs=8  prices=8 [cached]
2026-05-04 19:34:23  INFO     [3/22] graphics-design/social-media-design  20230301011627
2026-05-04 19:34:24  INFO     OK    ts=20230301011627  method=requests  gigs=8  prices=8 [cached]
2026-05-04 19:34:24  INFO     [4/22] graphics-design/social-media-design  20230402153152
2026-05-04 19:34:24  INFO     OK    ts=20230402153152  method=requests  gigs=8  prices=8 [cached]
2026-05-04 19:34:24  INFO     [5/22] graphics-design/social-media-design  20230508043614
2026-05-04 19:34:24  INFO     OK    ts=20230508043614  method=requests  gigs=8  prices=8 [cached]
2026-05-04 19:34:24  INFO     [6/22] graphics-design/social-media-design  20230602223459
2026-05-04 19:34:24  INFO     OK    ts=20230602223459  method=requests  gigs=8  prices=8 [cached]
2026-05-04 19:34:24  INFO     [7/22] graphics-design/social-media-design  20230711063212
2026-05-04 19:34:24  INFO     OK    ts=20230711063212  method=requests  gigs=8  prices=8 [cached]
2026-05-04 19:34:24  INFO     [8/22] graphics-design/social-media-design  20230817143238
2026-05-04 19:34:24  INFO     OK    ts=20230817143238  method=requests  gigs=8  prices=8 [cached]
2026-05-04 19:34:24  INFO     [9/22] graphics-design/social-media-design  20230901220219
2026-05-04 19:34:24  INFO     OK    ts=20230901220219  method=requests  gigs=8  prices=8 [cached]
2026-05-04 19:34:24  INFO     [10/22] graphics-design/social-media-design  20231009034750
2026-05-04 19:34:24  INFO     OK    ts=20231009034750  method=requests  gigs=8  prices=8 [cached]
2026-05-04 19:34:24  INFO     [11/22] graphics-design/social-media-design  20231222051016
2026-05-04 19:34:24  INFO     OK    ts=20231222051016  method=requests  gigs=8  prices=8 [cached]
2026-05-04 19:34:24  INFO     [12/22] graphics-design/social-media-design  20240112010049
2026-05-04 19:34:24  INFO     OK    ts=20240112010049  method=requests  gigs=8  prices=8 [cached]
2026-05-04 19:34:24  INFO     [13/22] graphics-design/social-media-design  20240201164844
2026-05-04 19:34:24  INFO     OK    ts=20240201164844  method=requests  gigs=8  prices=8 [cached]
2026-05-04 19:34:24  INFO     [14/22] graphics-design/social-media-design  20240312023519
2026-05-04 19:34:24  INFO     OK    ts=20240312023519  method=requests  gigs=8  prices=8 [cached]
2026-05-04 19:34:24  INFO     [15/22] graphics-design/social-media-design  20240401121208
2026-05-04 19:34:24  INFO     OK    ts=20240401121208  method=requests  gigs=8  prices=8 [cached]
2026-05-04 19:34:24  INFO     [16/22] graphics-design/social-media-design  20240501061832
2026-05-04 19:34:24  INFO     OK    ts=20240501061832  method=requests  gigs=8  prices=8 [cached]
2026-05-04 19:34:24  INFO     [17/22] graphics-design/social-media-design  20240601132800
2026-05-04 19:34:24  INFO     OK    ts=20240601132800  method=requests  gigs=8  prices=8 [cached]
2026-05-04 19:34:24  INFO     [18/22] graphics-design/social-media-design  20240701181306
2026-05-04 19:34:24  INFO     OK    ts=20240701181306  method=requests  gigs=8  prices=8 [cached]
2026-05-04 19:34:24  INFO     [19/22] graphics-design/social-media-design  20240801102048
2026-05-04 19:34:24  INFO     OK    ts=20240801102048  method=requests  gigs=8  prices=8 [cached]
2026-05-04 19:34:24  INFO     [20/22] graphics-design/social-media-design  20240901112000
2026-05-04 19:34:24  INFO     OK    ts=20240901112000  method=requests  gigs=8  prices=8 [cached]
2026-05-04 19:34:24  INFO     [21/22] graphics-design/social-media-design  20241001013230
2026-05-04 19:34:24  INFO     OK    ts=20241001013230  method=requests  gigs=8  prices=8 [cached]
2026-05-04 19:34:24  INFO     [22/22] graphics-design/social-media-design  20241209050957
2026-05-04 19:34:24  INFO     OK    ts=20241209050957  method=requests  gigs=8  prices=8 [cached]
2026-05-04 19:34:24  INFO     === DONE graphics-design/social-media-design  total_rows=176 ===
2026-05-04 19:34:24  INFO     === START data/data-entry ===
2026-05-04 19:34:54  WARNING  CDX returned empty (attempt 1/8) — waiting 30 s before retry
2026-05-04 19:35:38  INFO     data/data-entry: 20 snapshots to process
2026-05-04 19:35:38  INFO     [1/20] data/data-entry  20230101042424
2026-05-04 19:35:38  INFO     OK    ts=20230101042424  method=requests  gigs=8  prices=8 [cached]
2026-05-04 19:35:38  INFO     [2/20] data/data-entry  20230203150953
2026-05-04 19:35:38  INFO     OK    ts=20230203150953  method=requests  gigs=8  prices=8 [cached]
2026-05-04 19:35:38  INFO     [3/20] data/data-entry  20230301015340
2026-05-04 19:35:38  INFO     OK    ts=20230301015340  method=requests  gigs=8  prices=8 [cached]
2026-05-04 19:35:38  INFO     [4/20] data/data-entry  20230402163423
2026-05-04 19:35:38  INFO     OK    ts=20230402163423  method=requests  gigs=8  prices=8 [cached]
2026-05-04 19:35:38  INFO     [5/20] data/data-entry  20230515095939
2026-05-04 19:35:38  INFO     OK    ts=20230515095939  method=requests  gigs=8  prices=8 [cached]
2026-05-04 19:35:38  INFO     [6/20] data/data-entry  20230603222525
2026-05-04 19:35:38  INFO     OK    ts=20230603222525  method=requests  gigs=8  prices=8 [cached]
2026-05-04 19:35:38  INFO     [7/20] data/data-entry  20230720093930
2026-05-04 19:35:38  INFO     OK    ts=20230720093930  method=requests  gigs=8  prices=0 [cached]
2026-05-04 19:35:38  INFO     [8/20] data/data-entry  20230820152748
2026-05-04 19:35:38  INFO     OK    ts=20230820152748  method=requests  gigs=8  prices=8 [cached]
2026-05-04 19:35:38  INFO     [9/20] data/data-entry  20230902200435
2026-05-04 19:35:38  INFO     OK    ts=20230902200435  method=requests  gigs=8  prices=8 [cached]
2026-05-04 19:35:38  INFO     [10/20] data/data-entry  20231222073120
2026-05-04 19:35:38  INFO     OK    ts=20231222073120  method=requests  gigs=8  prices=8 [cached]
2026-05-04 19:35:38  INFO     [11/20] data/data-entry  20240130153154
2026-05-04 19:35:38  INFO     OK    ts=20240130153154  method=requests  gigs=8  prices=8 [cached]
2026-05-04 19:35:38  INFO     [12/20] data/data-entry  20240201165851
2026-05-04 19:35:38  INFO     OK    ts=20240201165851  method=requests  gigs=8  prices=8 [cached]
2026-05-04 19:35:38  INFO     [13/20] data/data-entry  20240312024643
2026-05-04 19:35:38  INFO     OK    ts=20240312024643  method=requests  gigs=8  prices=8 [cached]
2026-05-04 19:35:38  INFO     [14/20] data/data-entry  20240401122251
2026-05-04 19:35:38  INFO     OK    ts=20240401122251  method=requests  gigs=8  prices=8 [cached]
2026-05-04 19:35:38  INFO     [15/20] data/data-entry  20240501062732
2026-05-04 19:35:38  INFO     OK    ts=20240501062732  method=requests  gigs=8  prices=8 [cached]
2026-05-04 19:35:38  INFO     [16/20] data/data-entry  20240601133930
2026-05-04 19:35:38  INFO     OK    ts=20240601133930  method=requests  gigs=8  prices=8 [cached]
2026-05-04 19:35:38  INFO     [17/20] data/data-entry  20240701182622
2026-05-04 19:35:38  INFO     OK    ts=20240701182622  method=requests  gigs=8  prices=8 [cached]
2026-05-04 19:35:38  INFO     [18/20] data/data-entry  20240801103214
2026-05-04 19:35:38  INFO     OK    ts=20240801103214  method=requests  gigs=8  prices=8 [cached]
2026-05-04 19:35:38  INFO     [19/20] data/data-entry  20240901113451
2026-05-04 19:35:39  INFO     OK    ts=20240901113451  method=requests  gigs=8  prices=8 [cached]
2026-05-04 19:35:39  INFO     [20/20] data/data-entry  20241001014619
2026-05-04 19:35:39  INFO     OK    ts=20241001014619  method=requests  gigs=8  prices=8 [cached]
2026-05-04 19:35:39  INFO     === DONE data/data-entry  total_rows=160 ===
2026-05-04 19:35:39  INFO     All categories complete.  Grand total rows written: 504
2026-05-04 19:35:39  INFO     Panel snapshot counts by category × year:
year                                  2021  2022  2023  2024
category                                                    
content-writing/creative-writing        12     9    11    10
data/data-entry                         10    11    10    10
graphics-design/creative-logo-design     3    10     7    12
graphics-design/social-media-design     12     7    11    11
2026-05-04 21:07:27  INFO     fill_2023_2024.py start — categories: ['content-writing/creative-writing', 'graphics-design/social-media-design', 'data/data-entry']
2026-05-04 21:07:27  INFO     === START content-writing/creative-writing ===
2026-05-04 21:07:57  WARNING  CDX returned empty (attempt 1/8) — waiting 30 s before retry
2026-05-04 21:08:32  WARNING  CDX returned empty (attempt 2/8) — waiting 60 s before retry
2026-05-04 21:09:37  WARNING  CDX returned empty (attempt 3/8) — waiting 120 s before retry
2026-05-04 21:12:06  INFO     content-writing/creative-writing: 21 snapshots to process
2026-05-04 21:12:06  INFO     [1/21] content-writing/creative-writing  20230101040106
2026-05-04 21:12:06  INFO     OK    ts=20230101040106  method=requests  gigs=8  prices=8 [cached]
2026-05-04 21:12:06  INFO     [2/21] content-writing/creative-writing  20230203145308
2026-05-04 21:12:06  INFO     OK    ts=20230203145308  method=requests  gigs=8  prices=8 [cached]
2026-05-04 21:12:06  INFO     [3/21] content-writing/creative-writing  20230301013424
2026-05-04 21:12:06  INFO     OK    ts=20230301013424  method=requests  gigs=8  prices=8 [cached]
2026-05-04 21:12:06  INFO     [4/21] content-writing/creative-writing  20230402155456
2026-05-04 21:12:06  INFO     OK    ts=20230402155456  method=requests  gigs=8  prices=8 [cached]
2026-05-04 21:12:06  INFO     [5/21] content-writing/creative-writing  20230508052403
2026-05-04 21:12:06  INFO     OK    ts=20230508052403  method=requests  gigs=8  prices=8 [cached]
2026-05-04 21:12:06  INFO     [6/21] content-writing/creative-writing  20230603214122
2026-05-04 21:12:06  INFO     OK    ts=20230603214122  method=requests  gigs=8  prices=8 [cached]
2026-05-04 21:12:06  INFO     [7/21] content-writing/creative-writing  20230720090428
2026-05-04 21:12:06  INFO     OK    ts=20230720090428  method=requests  gigs=8  prices=0 [cached]
2026-05-04 21:12:06  INFO     [8/21] content-writing/creative-writing  20230820145617
2026-05-04 21:12:06  INFO     OK    ts=20230820145617  method=requests  gigs=8  prices=8 [cached]
2026-05-04 21:12:06  INFO     [9/21] content-writing/creative-writing  20230901182649
2026-05-04 21:12:06  INFO     OK    ts=20230901182649  method=requests  gigs=8  prices=0 [cached]
2026-05-04 21:12:06  INFO     [10/21] content-writing/creative-writing  20231022143419
2026-05-04 21:12:06  INFO     OK    ts=20231022143419  method=requests  gigs=8  prices=8 [cached]
2026-05-04 21:12:06  INFO     [11/21] content-writing/creative-writing  20231222054302
2026-05-04 21:12:06  INFO     OK    ts=20231222054302  method=requests  gigs=8  prices=8 [cached]
2026-05-04 21:12:06  INFO     [12/21] content-writing/creative-writing  20240120182007
2026-05-04 21:12:06  INFO     OK    ts=20240120182007  method=requests  gigs=8  prices=8 [cached]
2026-05-04 21:12:06  INFO     [13/21] content-writing/creative-writing  20240201165245
2026-05-04 21:12:07  INFO     OK    ts=20240201165245  method=requests  gigs=8  prices=8 [cached]
2026-05-04 21:12:07  INFO     [14/21] content-writing/creative-writing  20240312024002
2026-05-04 21:12:07  INFO     OK    ts=20240312024002  method=requests  gigs=8  prices=8 [cached]
2026-05-04 21:12:07  INFO     [15/21] content-writing/creative-writing  20240401121628
2026-05-04 21:12:07  INFO     OK    ts=20240401121628  method=requests  gigs=8  prices=8 [cached]
2026-05-04 21:12:07  INFO     [16/21] content-writing/creative-writing  20240501062226
2026-05-04 21:12:07  INFO     OK    ts=20240501062226  method=requests  gigs=8  prices=8 [cached]
2026-05-04 21:12:07  INFO     [17/21] content-writing/creative-writing  20240601133254
2026-05-04 21:12:07  INFO     OK    ts=20240601133254  method=requests  gigs=8  prices=8 [cached]
2026-05-04 21:12:07  INFO     [18/21] content-writing/creative-writing  20240701181836
2026-05-04 21:12:07  INFO     OK    ts=20240701181836  method=requests  gigs=8  prices=8 [cached]
2026-05-04 21:12:07  INFO     [19/21] content-writing/creative-writing  20240801102524
2026-05-04 21:12:07  INFO     OK    ts=20240801102524  method=requests  gigs=8  prices=8 [cached]
2026-05-04 21:12:07  INFO     [20/21] content-writing/creative-writing  20240901112639
2026-05-04 21:12:07  INFO     OK    ts=20240901112639  method=requests  gigs=8  prices=8 [cached]
2026-05-04 21:12:07  INFO     [21/21] content-writing/creative-writing  20241001013828
2026-05-04 21:12:07  INFO     OK    ts=20241001013828  method=requests  gigs=8  prices=8 [cached]
2026-05-04 21:12:07  INFO     === DONE content-writing/creative-writing  total_rows=168 ===
2026-05-04 21:12:07  INFO     === START graphics-design/social-media-design ===
2026-05-04 21:12:35  INFO     graphics-design/social-media-design: 22 snapshots to process
2026-05-04 21:12:35  INFO     [1/22] graphics-design/social-media-design  20230101031808
2026-05-04 21:12:35  INFO     OK    ts=20230101031808  method=requests  gigs=8  prices=8 [cached]
2026-05-04 21:12:35  INFO     [2/22] graphics-design/social-media-design  20230203144010
2026-05-04 21:12:35  INFO     OK    ts=20230203144010  method=requests  gigs=8  prices=8 [cached]
2026-05-04 21:12:35  INFO     [3/22] graphics-design/social-media-design  20230301011627
2026-05-04 21:12:35  INFO     OK    ts=20230301011627  method=requests  gigs=8  prices=8 [cached]
2026-05-04 21:12:35  INFO     [4/22] graphics-design/social-media-design  20230402153152
2026-05-04 21:12:35  INFO     OK    ts=20230402153152  method=requests  gigs=8  prices=8 [cached]
2026-05-04 21:12:35  INFO     [5/22] graphics-design/social-media-design  20230508043614
2026-05-04 21:12:35  INFO     OK    ts=20230508043614  method=requests  gigs=8  prices=8 [cached]
2026-05-04 21:12:35  INFO     [6/22] graphics-design/social-media-design  20230602223459
2026-05-04 21:12:35  INFO     OK    ts=20230602223459  method=requests  gigs=8  prices=8 [cached]
2026-05-04 21:12:35  INFO     [7/22] graphics-design/social-media-design  20230711063212
2026-05-04 21:12:35  INFO     OK    ts=20230711063212  method=requests  gigs=8  prices=8 [cached]
2026-05-04 21:12:35  INFO     [8/22] graphics-design/social-media-design  20230817143238
2026-05-04 21:12:35  INFO     OK    ts=20230817143238  method=requests  gigs=8  prices=8 [cached]
2026-05-04 21:12:35  INFO     [9/22] graphics-design/social-media-design  20230901220219
2026-05-04 21:12:35  INFO     OK    ts=20230901220219  method=requests  gigs=8  prices=8 [cached]
2026-05-04 21:12:35  INFO     [10/22] graphics-design/social-media-design  20231009034750
2026-05-04 21:12:35  INFO     OK    ts=20231009034750  method=requests  gigs=8  prices=8 [cached]
2026-05-04 21:12:35  INFO     [11/22] graphics-design/social-media-design  20231222051016
2026-05-04 21:12:35  INFO     OK    ts=20231222051016  method=requests  gigs=8  prices=8 [cached]
2026-05-04 21:12:35  INFO     [12/22] graphics-design/social-media-design  20240112010049
2026-05-04 21:12:35  INFO     OK    ts=20240112010049  method=requests  gigs=8  prices=8 [cached]
2026-05-04 21:12:35  INFO     [13/22] graphics-design/social-media-design  20240201164844
2026-05-04 21:12:35  INFO     OK    ts=20240201164844  method=requests  gigs=8  prices=8 [cached]
2026-05-04 21:12:35  INFO     [14/22] graphics-design/social-media-design  20240312023519
2026-05-04 21:12:35  INFO     OK    ts=20240312023519  method=requests  gigs=8  prices=8 [cached]
2026-05-04 21:12:35  INFO     [15/22] graphics-design/social-media-design  20240401121208
2026-05-04 21:12:35  INFO     OK    ts=20240401121208  method=requests  gigs=8  prices=8 [cached]
2026-05-04 21:12:35  INFO     [16/22] graphics-design/social-media-design  20240501061832
2026-05-04 21:12:35  INFO     OK    ts=20240501061832  method=requests  gigs=8  prices=8 [cached]
2026-05-04 21:12:35  INFO     [17/22] graphics-design/social-media-design  20240601132800
2026-05-04 21:12:35  INFO     OK    ts=20240601132800  method=requests  gigs=8  prices=8 [cached]
2026-05-04 21:12:35  INFO     [18/22] graphics-design/social-media-design  20240701181306
2026-05-04 21:12:36  INFO     OK    ts=20240701181306  method=requests  gigs=8  prices=8 [cached]
2026-05-04 21:12:36  INFO     [19/22] graphics-design/social-media-design  20240801102048
2026-05-04 21:12:36  INFO     OK    ts=20240801102048  method=requests  gigs=8  prices=8 [cached]
2026-05-04 21:12:36  INFO     [20/22] graphics-design/social-media-design  20240901112000
2026-05-04 21:12:36  INFO     OK    ts=20240901112000  method=requests  gigs=8  prices=8 [cached]
2026-05-04 21:12:36  INFO     [21/22] graphics-design/social-media-design  20241001013230
2026-05-04 21:12:36  INFO     OK    ts=20241001013230  method=requests  gigs=8  prices=8 [cached]
2026-05-04 21:12:36  INFO     [22/22] graphics-design/social-media-design  20241209050957
2026-05-04 21:12:36  INFO     OK    ts=20241209050957  method=requests  gigs=8  prices=8 [cached]
2026-05-04 21:12:36  INFO     === DONE graphics-design/social-media-design  total_rows=176 ===
2026-05-04 21:12:36  INFO     === START data/data-entry ===
2026-05-04 21:13:06  WARNING  CDX returned empty (attempt 1/8) — waiting 30 s before retry
2026-05-04 21:14:06  WARNING  CDX returned empty (attempt 2/8) — waiting 60 s before retry
2026-05-04 21:15:36  WARNING  CDX returned empty (attempt 3/8) — waiting 120 s before retry
2026-05-04 21:18:06  WARNING  CDX returned empty (attempt 4/8) — waiting 240 s before retry
2026-05-04 21:22:36  WARNING  CDX returned empty (attempt 5/8) — waiting 480 s before retry
2026-05-04 21:31:05  INFO     data/data-entry: 20 snapshots to process
2026-05-04 21:31:05  INFO     [1/20] data/data-entry  20230101042424
2026-05-04 21:31:05  INFO     OK    ts=20230101042424  method=requests  gigs=8  prices=8 [cached]
2026-05-04 21:31:05  INFO     [2/20] data/data-entry  20230203150953
2026-05-04 21:31:06  INFO     OK    ts=20230203150953  method=requests  gigs=8  prices=8 [cached]
2026-05-04 21:31:06  INFO     [3/20] data/data-entry  20230301015340
2026-05-04 21:31:06  INFO     OK    ts=20230301015340  method=requests  gigs=8  prices=8 [cached]
2026-05-04 21:31:06  INFO     [4/20] data/data-entry  20230402163423
2026-05-04 21:31:06  INFO     OK    ts=20230402163423  method=requests  gigs=8  prices=8 [cached]
2026-05-04 21:31:06  INFO     [5/20] data/data-entry  20230515095939
2026-05-04 21:31:06  INFO     OK    ts=20230515095939  method=requests  gigs=8  prices=8 [cached]
2026-05-04 21:31:06  INFO     [6/20] data/data-entry  20230603222525
2026-05-04 21:31:06  INFO     OK    ts=20230603222525  method=requests  gigs=8  prices=8 [cached]
2026-05-04 21:31:06  INFO     [7/20] data/data-entry  20230720093930
2026-05-04 21:31:06  INFO     OK    ts=20230720093930  method=requests  gigs=8  prices=0 [cached]
2026-05-04 21:31:06  INFO     [8/20] data/data-entry  20230820152748
2026-05-04 21:31:06  INFO     OK    ts=20230820152748  method=requests  gigs=8  prices=8 [cached]
2026-05-04 21:31:06  INFO     [9/20] data/data-entry  20230902200435
2026-05-04 21:31:06  INFO     OK    ts=20230902200435  method=requests  gigs=8  prices=8 [cached]
2026-05-04 21:31:06  INFO     [10/20] data/data-entry  20231222073120
2026-05-04 21:31:06  INFO     OK    ts=20231222073120  method=requests  gigs=8  prices=8 [cached]
2026-05-04 21:31:06  INFO     [11/20] data/data-entry  20240130153154
2026-05-04 21:31:06  INFO     OK    ts=20240130153154  method=requests  gigs=8  prices=8 [cached]
2026-05-04 21:31:06  INFO     [12/20] data/data-entry  20240201165851
2026-05-04 21:31:06  INFO     OK    ts=20240201165851  method=requests  gigs=8  prices=8 [cached]
2026-05-04 21:31:06  INFO     [13/20] data/data-entry  20240312024643
2026-05-04 21:31:06  INFO     OK    ts=20240312024643  method=requests  gigs=8  prices=8 [cached]
2026-05-04 21:31:06  INFO     [14/20] data/data-entry  20240401122251
2026-05-04 21:31:06  INFO     OK    ts=20240401122251  method=requests  gigs=8  prices=8 [cached]
2026-05-04 21:31:06  INFO     [15/20] data/data-entry  20240501062732
2026-05-04 21:31:06  INFO     OK    ts=20240501062732  method=requests  gigs=8  prices=8 [cached]
2026-05-04 21:31:06  INFO     [16/20] data/data-entry  20240601133930
2026-05-04 21:31:06  INFO     OK    ts=20240601133930  method=requests  gigs=8  prices=8 [cached]
2026-05-04 21:31:06  INFO     [17/20] data/data-entry  20240701182622
2026-05-04 21:31:06  INFO     OK    ts=20240701182622  method=requests  gigs=8  prices=8 [cached]
2026-05-04 21:31:06  INFO     [18/20] data/data-entry  20240801103214
2026-05-04 21:31:06  INFO     OK    ts=20240801103214  method=requests  gigs=8  prices=8 [cached]
2026-05-04 21:31:06  INFO     [19/20] data/data-entry  20240901113451
2026-05-04 21:31:06  INFO     OK    ts=20240901113451  method=requests  gigs=8  prices=8 [cached]
2026-05-04 21:31:06  INFO     [20/20] data/data-entry  20241001014619
2026-05-04 21:31:06  INFO     OK    ts=20241001014619  method=requests  gigs=8  prices=8 [cached]
2026-05-04 21:31:06  INFO     === DONE data/data-entry  total_rows=160 ===
2026-05-04 21:31:06  INFO     All categories complete.  Grand total rows written: 504
2026-05-04 21:31:06  INFO     Panel snapshot counts by category × year:
year                                  2021  2022  2023  2024
category                                                    
content-writing/creative-writing        12     9    11    10
data/data-entry                         10    11    10    10
graphics-design/creative-logo-design     3    10     7    12
graphics-design/social-media-design     12     7    11    11
